// Jest Snapshot v1, https://goo.gl/fbAQLP

exports[`Footer renders correctly 1`] = `
<footer
  className="footerWrapper"
>
  <div
    className="footer typography-small"
  >
    Built using 
    <a
      href="https://gatsbyjs.org"
      rel="nofollow noopener noreferrer"
      target="_blank"
    >
      Gatsby
    </a>
     â€¢ View source on 
    <a
      href="https://github.com/leeericallen/leeallen.net"
      rel="nofollow noopener noreferrer"
      target="_blank"
    >
      GitHub
    </a>
  </div>
</footer>
`;
